// Jest Snapshot v1, https://goo.gl/fbAQLP

exports[`SelectProfileImage should render 1`] = `
<div>
  <div
    class="group space-y-2 undefined"
  >
    <span
      class="text-sm font-semibold transition-colors duration-100 cursor-default group-hover:text-theme-primary-600 text-theme-secondary-text"
    >
      Profile Image
    </span>
    <div
      class="flex flex-row"
    >
      <div
        class="p-1 w-20 h-20 rounded-md border-2 border-dashed border-theme-secondary-400 dark:border-theme-secondary-700"
      >
        <div
          class="overflow-hidden h-full rounded-full"
        >
          <div
            class="SelectProfileImage__UploadButtonWrapper-t6smk3-0 fPlqSP"
          >
            <button
              class="Button__StyledButton-mdtvtf-0 iUSBMV"
              data-testid="SelectProfileImage__upload-button"
              type="button"
            >
              <div
                class="flex relative items-center space-x-2"
              >
                <div
                  class="sc-bdfBwQ cdgnVS text-theme-primary-600 dark:text-theme-secondary-200"
                  height="18"
                  width="24"
                >
                  <svg>
                    upload.svg
                  </svg>
                </div>
              </div>
            </button>
          </div>
        </div>
      </div>
    </div>
  </div>
</div>
`;
