// Jest Snapshot v1, https://goo.gl/fbAQLP

exports[`Button should render 1`] = `<button class="Button border border-transparent focus:shadow-outline font-semibold text-center transition-all ease-linear duration-100 Button--color-primary Button--variant-solid Button--shape-rounded Button--size-default"></button>`;

exports[`Button should render if disabled 1`] = `<button disabled="disabled" class="Button border border-transparent focus:shadow-outline font-semibold text-center transition-all ease-linear duration-100 Button--color-primary Button--variant-solid Button--shape-rounded Button--size-default"></button>`;
