// Jest Snapshot v1, https://goo.gl/fbAQLP

exports[`PluginManagerNavigationBar should render 1`] = `
<DocumentFragment>
  <nav
    class="sc-AxirZ jSCgBq sticky md:top-24 top-20 bg-theme-neutral-100"
    data-testid="PluginManagerNavigationBar"
  >
    <div
      class="container mx-auto flex justify-between items-center"
    >
      <div>
        <ul
          class="flex h-24"
        >
          <li
            class="flex"
          >
            <a
              class="PluginManagerNavigationBar__item flex items-center pl-6 font-bold text-md text-theme-neutral-600 cursor-pointer active"
              data-testid="PluginManagerNavigationBar__home"
              href="/"
              title="Home"
            >
              <span>
                Home
              </span>
              <div
                class="PluginManagerNavigationBar__menu-divider border-r w-px border-theme-neutral-300 pl-6 h-4"
              />
            </a>
          </li>
          <li
            class="flex"
          >
            <a
              class="PluginManagerNavigationBar__item flex items-center pl-6 font-bold text-md text-theme-neutral-600 cursor-pointer "
              data-testid="PluginManagerNavigationBar__game"
              href="/"
              title="Game"
            >
              <span>
                Game
              </span>
              <span
                class="ml-1 text-theme-neutral-400"
              >
                48
              </span>
              <div
                class="PluginManagerNavigationBar__menu-divider border-r w-px border-theme-neutral-300 pl-6 h-4"
              />
            </a>
          </li>
          <li
            class="flex"
          >
            <a
              class="PluginManagerNavigationBar__item flex items-center pl-6 font-bold text-md text-theme-neutral-600 cursor-pointer "
              data-testid="PluginManagerNavigationBar__utility"
              href="/"
              title="Utility"
            >
              <span>
                Utility
              </span>
              <span
                class="ml-1 text-theme-neutral-400"
              >
                264
              </span>
              <div
                class="PluginManagerNavigationBar__menu-divider border-r w-px border-theme-neutral-300 pl-6 h-4"
              />
            </a>
          </li>
          <li
            class="flex"
          >
            <a
              class="PluginManagerNavigationBar__item flex items-center pl-6 font-bold text-md text-theme-neutral-600 cursor-pointer "
              data-testid="PluginManagerNavigationBar__themes"
              href="/"
              title="Themes"
            >
              <span>
                Themes
              </span>
              <span
                class="ml-1 text-theme-neutral-400"
              >
                96
              </span>
              <div
                class="PluginManagerNavigationBar__menu-divider border-r w-px border-theme-neutral-300 pl-6 h-4"
              />
            </a>
          </li>
          <li
            class="flex"
          >
            <a
              class="PluginManagerNavigationBar__item flex items-center pl-6 font-bold text-md text-theme-neutral-600 cursor-pointer "
              data-testid="PluginManagerNavigationBar__other"
              href="/"
              title="Other"
            >
              <span>
                Other
              </span>
              <span
                class="ml-1 text-theme-neutral-400"
              >
                27
              </span>
              <div
                class="PluginManagerNavigationBar__menu-divider border-r w-px border-theme-neutral-300 pl-6 h-4"
              />
            </a>
          </li>
        </ul>
      </div>
      <div
        class="flex h-24"
      >
        <a
          class="PluginManagerNavigationBar__item flex items-center pl-6 font-bold text-md text-theme-neutral-600 cursor-pointer "
          data-testid="PluginManagerNavigationBar__my-plugins"
          href="/"
          title="My Plugins"
        >
          <span>
            MyPlugin
          </span>
          <span
            class="ml-1 text-theme-neutral-400"
          >
            8
          </span>
        </a>
        <div
          class="border-r w-px border-theme-neutral-300 mx-8 h-10 my-auto"
        />
        <div
          class="flex items-center"
          data-testid="PluginManagerControls"
        >
          <div
            class="inline-block"
            data-testid="LayoutControls__grid"
          >
            <div
              class="px-3 py-3 h-full border-b-3 cursor-pointer text-theme-danger-300 border-theme-danger-100"
              data-testid="LayoutControls__grid--icon"
            >
              <div
                class="sc-AxjAm jEKiJj"
                height="14"
                width="28"
              >
                <svg>
                  grid.svg
                </svg>
              </div>
            </div>
          </div>
          <div
            class="inline-block"
            data-testid="LayoutControls__list"
          >
            <div
              class="px-3 py-3 h-full border-b-3 cursor-pointer text-theme-primary-400 border-transparent"
              data-testid="LayoutControls__list--icon"
            >
              <div
                class="sc-AxjAm eFgodT"
                height="14"
                width="24"
              >
                <svg>
                  list.svg
                </svg>
              </div>
            </div>
          </div>
        </div>
      </div>
    </div>
  </nav>
</DocumentFragment>
`;

exports[`PluginManagerNavigationBar should update selected 1`] = `
<DocumentFragment>
  <nav
    class="sc-AxirZ jSCgBq sticky md:top-24 top-20 bg-theme-neutral-100"
    data-testid="PluginManagerNavigationBar"
  >
    <div
      class="container mx-auto flex justify-between items-center"
    >
      <div>
        <ul
          class="flex h-24"
        >
          <li
            class="flex"
          >
            <a
              class="PluginManagerNavigationBar__item flex items-center pl-6 font-bold text-md text-theme-neutral-600 cursor-pointer active"
              data-testid="PluginManagerNavigationBar__home"
              href="/"
              title="Home"
            >
              <span>
                Home
              </span>
              <div
                class="PluginManagerNavigationBar__menu-divider border-r w-px border-theme-neutral-300 pl-6 h-4"
              />
            </a>
          </li>
          <li
            class="flex"
          >
            <a
              class="PluginManagerNavigationBar__item flex items-center pl-6 font-bold text-md text-theme-neutral-600 cursor-pointer "
              data-testid="PluginManagerNavigationBar__game"
              href="/"
              title="Game"
            >
              <span>
                Game
              </span>
              <span
                class="ml-1 text-theme-neutral-400"
              >
                48
              </span>
              <div
                class="PluginManagerNavigationBar__menu-divider border-r w-px border-theme-neutral-300 pl-6 h-4"
              />
            </a>
          </li>
          <li
            class="flex"
          >
            <a
              class="PluginManagerNavigationBar__item flex items-center pl-6 font-bold text-md text-theme-neutral-600 cursor-pointer "
              data-testid="PluginManagerNavigationBar__utility"
              href="/"
              title="Utility"
            >
              <span>
                Utility
              </span>
              <span
                class="ml-1 text-theme-neutral-400"
              >
                264
              </span>
              <div
                class="PluginManagerNavigationBar__menu-divider border-r w-px border-theme-neutral-300 pl-6 h-4"
              />
            </a>
          </li>
          <li
            class="flex"
          >
            <a
              class="PluginManagerNavigationBar__item flex items-center pl-6 font-bold text-md text-theme-neutral-600 cursor-pointer "
              data-testid="PluginManagerNavigationBar__themes"
              href="/"
              title="Themes"
            >
              <span>
                Themes
              </span>
              <span
                class="ml-1 text-theme-neutral-400"
              >
                96
              </span>
              <div
                class="PluginManagerNavigationBar__menu-divider border-r w-px border-theme-neutral-300 pl-6 h-4"
              />
            </a>
          </li>
          <li
            class="flex"
          >
            <a
              class="PluginManagerNavigationBar__item flex items-center pl-6 font-bold text-md text-theme-neutral-600 cursor-pointer "
              data-testid="PluginManagerNavigationBar__other"
              href="/"
              title="Other"
            >
              <span>
                Other
              </span>
              <span
                class="ml-1 text-theme-neutral-400"
              >
                27
              </span>
              <div
                class="PluginManagerNavigationBar__menu-divider border-r w-px border-theme-neutral-300 pl-6 h-4"
              />
            </a>
          </li>
        </ul>
      </div>
      <div
        class="flex h-24"
      >
        <a
          class="PluginManagerNavigationBar__item flex items-center pl-6 font-bold text-md text-theme-neutral-600 cursor-pointer "
          data-testid="PluginManagerNavigationBar__my-plugins"
          href="/"
          title="My Plugins"
        >
          <span>
            MyPlugin
          </span>
          <span
            class="ml-1 text-theme-neutral-400"
          >
            8
          </span>
        </a>
        <div
          class="border-r w-px border-theme-neutral-300 mx-8 h-10 my-auto"
        />
        <div
          class="flex items-center"
          data-testid="PluginManagerControls"
        >
          <div
            class="inline-block"
            data-testid="LayoutControls__grid"
          >
            <div
              class="px-3 py-3 h-full border-b-3 cursor-pointer text-theme-danger-300 border-theme-danger-100"
              data-testid="LayoutControls__grid--icon"
            >
              <div
                class="sc-AxjAm jEKiJj"
                height="14"
                width="28"
              >
                <svg>
                  grid.svg
                </svg>
              </div>
            </div>
          </div>
          <div
            class="inline-block"
            data-testid="LayoutControls__list"
          >
            <div
              class="px-3 py-3 h-full border-b-3 cursor-pointer text-theme-primary-400 border-transparent"
              data-testid="LayoutControls__list--icon"
            >
              <div
                class="sc-AxjAm eFgodT"
                height="14"
                width="24"
              >
                <svg>
                  list.svg
                </svg>
              </div>
            </div>
          </div>
        </div>
      </div>
    </div>
  </nav>
</DocumentFragment>
`;
