// Jest Snapshot v1, https://goo.gl/fbAQLP

exports[`PluginManagerNavigationBar should render 1`] = `
<DocumentFragment>
  <nav
    class="sc-AxirZ hgOUPI sticky md:top-24 top-20 bg-theme-neutral-100"
    data-testid="PluginManagerNavigationBar"
  >
    <div
      class="container px-14 flex items-center justify-between mx-auto"
    >
      <div>
        <ul
          class="flex h-24"
        >
          <li
            class="flex"
          >
            <button
              class="PluginManagerNavigationBar__item focus:outline-none lex items-center font-bold text-md text-theme-neutral-600 cursor-pointer active"
              data-testid="PluginManagerNavigationBar__home"
              title="Home"
            >
              <span>
                Home
              </span>
            </button>
            <div
              class="w-px h-4 mx-6 my-auto border-r PluginManagerNavigationBar__menu-divider border-theme-neutral-300"
            />
          </li>
          <li
            class="flex"
          >
            <button
              class="PluginManagerNavigationBar__item focus:outline-none lex items-center font-bold text-md text-theme-neutral-600 cursor-pointer "
              data-testid="PluginManagerNavigationBar__game"
              title="Game"
            >
              <span>
                Game
              </span>
              <span
                class="ml-1 text-theme-neutral-400"
              >
                48
              </span>
            </button>
            <div
              class="w-px h-4 mx-6 my-auto border-r PluginManagerNavigationBar__menu-divider border-theme-neutral-300"
            />
          </li>
          <li
            class="flex"
          >
            <button
              class="PluginManagerNavigationBar__item focus:outline-none lex items-center font-bold text-md text-theme-neutral-600 cursor-pointer "
              data-testid="PluginManagerNavigationBar__utility"
              title="Utility"
            >
              <span>
                Utility
              </span>
              <span
                class="ml-1 text-theme-neutral-400"
              >
                264
              </span>
            </button>
            <div
              class="w-px h-4 mx-6 my-auto border-r PluginManagerNavigationBar__menu-divider border-theme-neutral-300"
            />
          </li>
          <li
            class="flex"
          >
            <button
              class="PluginManagerNavigationBar__item focus:outline-none lex items-center font-bold text-md text-theme-neutral-600 cursor-pointer "
              data-testid="PluginManagerNavigationBar__themes"
              title="Themes"
            >
              <span>
                Themes
              </span>
              <span
                class="ml-1 text-theme-neutral-400"
              >
                96
              </span>
            </button>
            <div
              class="w-px h-4 mx-6 my-auto border-r PluginManagerNavigationBar__menu-divider border-theme-neutral-300"
            />
          </li>
          <li
            class="flex"
          >
            <button
              class="PluginManagerNavigationBar__item focus:outline-none lex items-center font-bold text-md text-theme-neutral-600 cursor-pointer "
              data-testid="PluginManagerNavigationBar__other"
              title="Other"
            >
              <span>
                Other
              </span>
              <span
                class="ml-1 text-theme-neutral-400"
              >
                27
              </span>
            </button>
          </li>
        </ul>
      </div>
      <div
        class="flex h-24"
      >
        <button
          class="PluginManagerNavigationBar__item focus:outline-none flex items-center font-bold text-md text-theme-neutral-600 cursor-pointer "
          data-testid="PluginManagerNavigationBar__my-plugins"
          title="My Plugins"
        >
          <span>
            MyPlugin
          </span>
          <span
            class="ml-1 text-theme-neutral-400"
          >
            8
          </span>
        </button>
        <div
          class="w-px h-10 mx-8 my-auto border-r border-theme-neutral-300"
        />
        <div
          class="flex items-center"
          data-testid="PluginManagerControls"
        >
          <div
            class="inline-block"
            data-testid="LayoutControls__grid"
          >
            <div
              class="px-3 py-3 h-full border-b-3 cursor-pointer text-theme-danger-300 border-theme-danger-100"
              data-testid="LayoutControls__grid--icon"
            >
              <div
                class="sc-AxjAm jEKiJj"
                height="14"
                width="28"
              >
                <svg>
                  grid.svg
                </svg>
              </div>
            </div>
          </div>
          <div
            class="inline-block"
            data-testid="LayoutControls__list"
          >
            <div
              class="px-3 py-3 h-full border-b-3 cursor-pointer text-theme-primary-400 border-transparent"
              data-testid="LayoutControls__list--icon"
            >
              <div
                class="sc-AxjAm eFgodT"
                height="14"
                width="24"
              >
                <svg>
                  list.svg
                </svg>
              </div>
            </div>
          </div>
        </div>
      </div>
    </div>
  </nav>
</DocumentFragment>
`;

exports[`PluginManagerNavigationBar should update selected 1`] = `
<DocumentFragment>
  <nav
    class="sc-AxirZ hgOUPI sticky md:top-24 top-20 bg-theme-neutral-100"
    data-testid="PluginManagerNavigationBar"
  >
    <div
      class="container px-14 flex items-center justify-between mx-auto"
    >
      <div>
        <ul
          class="flex h-24"
        >
          <li
            class="flex"
          >
            <button
              class="PluginManagerNavigationBar__item focus:outline-none lex items-center font-bold text-md text-theme-neutral-600 cursor-pointer active"
              data-testid="PluginManagerNavigationBar__home"
              title="Home"
            >
              <span>
                Home
              </span>
            </button>
            <div
              class="w-px h-4 mx-6 my-auto border-r PluginManagerNavigationBar__menu-divider border-theme-neutral-300"
            />
          </li>
          <li
            class="flex"
          >
            <button
              class="PluginManagerNavigationBar__item focus:outline-none lex items-center font-bold text-md text-theme-neutral-600 cursor-pointer "
              data-testid="PluginManagerNavigationBar__game"
              title="Game"
            >
              <span>
                Game
              </span>
              <span
                class="ml-1 text-theme-neutral-400"
              >
                48
              </span>
            </button>
            <div
              class="w-px h-4 mx-6 my-auto border-r PluginManagerNavigationBar__menu-divider border-theme-neutral-300"
            />
          </li>
          <li
            class="flex"
          >
            <button
              class="PluginManagerNavigationBar__item focus:outline-none lex items-center font-bold text-md text-theme-neutral-600 cursor-pointer "
              data-testid="PluginManagerNavigationBar__utility"
              title="Utility"
            >
              <span>
                Utility
              </span>
              <span
                class="ml-1 text-theme-neutral-400"
              >
                264
              </span>
            </button>
            <div
              class="w-px h-4 mx-6 my-auto border-r PluginManagerNavigationBar__menu-divider border-theme-neutral-300"
            />
          </li>
          <li
            class="flex"
          >
            <button
              class="PluginManagerNavigationBar__item focus:outline-none lex items-center font-bold text-md text-theme-neutral-600 cursor-pointer "
              data-testid="PluginManagerNavigationBar__themes"
              title="Themes"
            >
              <span>
                Themes
              </span>
              <span
                class="ml-1 text-theme-neutral-400"
              >
                96
              </span>
            </button>
            <div
              class="w-px h-4 mx-6 my-auto border-r PluginManagerNavigationBar__menu-divider border-theme-neutral-300"
            />
          </li>
          <li
            class="flex"
          >
            <button
              class="PluginManagerNavigationBar__item focus:outline-none lex items-center font-bold text-md text-theme-neutral-600 cursor-pointer "
              data-testid="PluginManagerNavigationBar__other"
              title="Other"
            >
              <span>
                Other
              </span>
              <span
                class="ml-1 text-theme-neutral-400"
              >
                27
              </span>
            </button>
          </li>
        </ul>
      </div>
      <div
        class="flex h-24"
      >
        <button
          class="PluginManagerNavigationBar__item focus:outline-none flex items-center font-bold text-md text-theme-neutral-600 cursor-pointer "
          data-testid="PluginManagerNavigationBar__my-plugins"
          title="My Plugins"
        >
          <span>
            MyPlugin
          </span>
          <span
            class="ml-1 text-theme-neutral-400"
          >
            8
          </span>
        </button>
        <div
          class="w-px h-10 mx-8 my-auto border-r border-theme-neutral-300"
        />
        <div
          class="flex items-center"
          data-testid="PluginManagerControls"
        >
          <div
            class="inline-block"
            data-testid="LayoutControls__grid"
          >
            <div
              class="px-3 py-3 h-full border-b-3 cursor-pointer text-theme-danger-300 border-theme-danger-100"
              data-testid="LayoutControls__grid--icon"
            >
              <div
                class="sc-AxjAm jEKiJj"
                height="14"
                width="28"
              >
                <svg>
                  grid.svg
                </svg>
              </div>
            </div>
          </div>
          <div
            class="inline-block"
            data-testid="LayoutControls__list"
          >
            <div
              class="px-3 py-3 h-full border-b-3 cursor-pointer text-theme-primary-400 border-transparent"
              data-testid="LayoutControls__list--icon"
            >
              <div
                class="sc-AxjAm eFgodT"
                height="14"
                width="24"
              >
                <svg>
                  list.svg
                </svg>
              </div>
            </div>
          </div>
        </div>
      </div>
    </div>
  </nav>
</DocumentFragment>
`;
