// Jest Snapshot v1, https://goo.gl/fbAQLP

exports[`VerifyMessage should render 1`] = `<DocumentFragment />`;

exports[`VerifyMessage should render the non verify address content 1`] = `
<DocumentFragment>
  <div
    class="fixed inset-0 z-10 bg-black opacity-50"
    data-testid="modal__overlay"
  />
  <div
    class="fixed left-0 right-0 z-10 flex flex-col max-w-2xl px-16 pt-6 pb-8 mx-auto mt-24 rounded-xl bg-theme-background"
    data-testid="modal__inner"
  >
    <div
      class="absolute top-0 right-0 mt-4 mr-4"
    >
      <button
        class="sc-AxhCb BRihK"
        color="neutral"
        data-testid="modal__close-btn"
        type="button"
      >
        <div
          class="sc-AxjAm iepfoc"
          height="10"
          width="10"
        >
          <svg>
            cross-slim.svg
          </svg>
        </div>
      </button>
    </div>
    <div
      class="py-4"
    >
      <h2>
        Verify
      </h2>
      <div
        class="flex-1"
      >
        <div
          class="text-theme-neutral-700"
        >
          To make sure that you are the owner of this wallet, you can pass the check. and this more text.
        </div>
        <div
          class="mt-10"
        >
          <div
            class="flex flex-col pb-5 border-b border-dashed border-theme-neutral-light"
          >
            <span
              class="pb-2 text-base font-bold"
            >
              Verify
            </span>
            <div
              class="flex flex-row justify-between"
            >
              <span
                class="w-3/4 text-sm text-theme-neutral-light"
              >
                You can verify only text using a JSON public key
              </span>
              <div
                class="mr-1 -mt-2"
              >
                <label>
                  <input
                    checked=""
                    class="sc-fznyAO htyfyy -mt-3"
                    data-testid="verify-address__togle"
                    type="checkbox"
                  />
                  <div
                    class="sc-fznKkj iTYdAh"
                  >
                    <span
                      class="sc-fznZeY izeqLb"
                    />
                  </div>
                </label>
              </div>
            </div>
          </div>
          <form
            class="space-y-6"
            data-testid="Form"
            id="verify-message__form"
          >
            <div
              data-testid="noverify-address__content"
            >
              <fieldset
                class="sc-AxhUy dJlYTe mt-10"
              >
                <label
                  class="FormLabel transition-colors duration-100 inline-block text-sm font-semibold text-theme-neutral-dark"
                  data-testid="FormLabel"
                  for="message-content"
                  label="Message"
                >
                  Message
                </label>
                <input
                  class="sc-AxgMl cMCunF overflow-hidden shadow-sm w-full bg-theme-background appearance-none rounded border border-theme-neutral-300 py-3 px-4 text-theme-neutral-900 transition-colors duration-200 focus:outline-none focus:border-theme-primary "
                  data-testid="Input"
                  name="message-content"
                  type="text"
                />
              </fieldset>
              <fieldset
                class="sc-AxhUy dJlYTe mt-3"
              >
                <label
                  class="FormLabel transition-colors duration-100 inline-block text-sm font-semibold text-theme-neutral-dark"
                  data-testid="FormLabel"
                  for="public-key"
                  label="Public key"
                >
                  Public key
                </label>
                <input
                  class="sc-AxgMl cMCunF overflow-hidden shadow-sm w-full bg-theme-background appearance-none rounded border border-theme-neutral-300 py-3 px-4 text-theme-neutral-900 transition-colors duration-200 focus:outline-none focus:border-theme-primary "
                  data-testid="Input"
                  disabled=""
                  name="public-key"
                  type="text"
                  value=""
                />
              </fieldset>
              <fieldset
                class="sc-AxhUy dJlYTe mt-3"
              >
                <label
                  class="FormLabel transition-colors duration-100 inline-block text-sm font-semibold text-theme-neutral-dark"
                  data-testid="FormLabel"
                  for="signature"
                  label="Signature"
                >
                  Signature
                </label>
                <input
                  class="sc-AxgMl cMCunF overflow-hidden shadow-sm w-full bg-theme-background appearance-none rounded border border-theme-neutral-300 py-3 px-4 text-theme-neutral-900 transition-colors duration-200 focus:outline-none focus:border-theme-primary "
                  data-testid="Input"
                  name="signature"
                  type="text"
                />
              </fieldset>
            </div>
            <div
              class="flex items-center"
            >
              <button
                class="sc-AxhCb jkUjqz"
                color="primary"
                type="button"
              >
                Cancel
              </button>
              <button
                class="sc-AxhCb ggMXAT ml-5"
                color="primary"
                type="button"
              >
                Verify
              </button>
            </div>
          </form>
        </div>
      </div>
    </div>
  </div>
</DocumentFragment>
`;
