// Jest Snapshot v1, https://goo.gl/fbAQLP

exports[`Toggle should render 1`] = `
<DocumentFragment>
  <label>
    <input
      class="sc-AxjAm ftHPqI"
      type="checkbox"
    />
    <div
      class="sc-AxirZ ekgzTe"
    >
      <span
        class="sc-AxiKw khAQLc"
      />
    </div>
  </label>
</DocumentFragment>
`;

exports[`Toggle should toggle checked 1`] = `
<DocumentFragment>
  <label>
    <input
      class="sc-AxjAm ftHPqI"
      type="checkbox"
    />
    <div
      class="sc-AxirZ ekgzTe"
    >
      <span
        class="sc-AxiKw khAQLc"
      />
    </div>
  </label>
</DocumentFragment>
`;
