// Jest Snapshot v1, https://goo.gl/fbAQLP

exports[`Toggle should render 1`] = `
<DocumentFragment>
  <div>
    <label
      class="flex"
    >
      <input
        class="Toggle__Input-qyyifx-0 WGuGL"
        type="checkbox"
      />
      <div
        class="Toggle__Handle-qyyifx-1 kGDqio"
      >
        <span
          class="Toggle__HandleInner-qyyifx-2 jmzNUQ"
        />
      </div>
    </label>
  </div>
</DocumentFragment>
`;

exports[`Toggle should toggle checked 1`] = `
<DocumentFragment>
  <div>
    <label
      class="flex"
    >
      <input
        class="Toggle__Input-qyyifx-0 WGuGL"
        type="checkbox"
      />
      <div
        class="Toggle__Handle-qyyifx-1 kGDqio"
      >
        <span
          class="Toggle__HandleInner-qyyifx-2 jmzNUQ"
        />
      </div>
    </label>
  </div>
</DocumentFragment>
`;
