// Jest Snapshot v1, https://goo.gl/fbAQLP

exports[`VoteList should render 1`] = `
<DocumentFragment>
  <div
    class="-my-5"
  >
    <div
      class="flex items-center py-4 true "
    >
      <div
        class="flex-1"
      >
        <div
          class="text-sm font-semibold text-theme-neutral-500"
        >
           
        </div>
        <div
          class="mt-2 font-semibold"
        >
          <div
            class="inline-block truncate align-middle"
          >
            <span
              class="text-theme-neutral-800 max-w-24 flex-auto truncate mt-4 mr-1 font-semibold text-xl"
              data-testid="address__wallet-name"
            >
              Delegate 1
            </span>
            <span
              class="text-theme-neutral-400 font-semibold text-xl"
              data-testid="address__wallet-address"
            >
              FJKDSA...SJKDFJ
            </span>
          </div>
        </div>
      </div>
      <div
        class="Avatar__AvatarStyled-sc-1vsy2s2-0 gJAVMD"
        data-testid="Avatar"
      >
        <img
          src="data:image/svg+xml;utf8,conic-gradient(from 568.2025659838705deg at 46.70306697848182% 32.03085822490901%, #FBD38D, calc(0 * 100% / 5), transparent 0),conic-gradient(from 281.53128995283805deg at 85.12621337976665% 28.80444804291895%, #5A67D8, calc(1 * 100% / 5), transparent 0),conic-gradient(from 513.77543147411deg at 36.145513212707236% 79.78729991513353%, #FC8181, calc(2 * 100% / 5), transparent 0),conic-gradient(from 597.1924181721481deg at 90.2445904912289% 29.03336303566013%, #38B2AC, calc(3 * 100% / 5), transparent 0),conic-gradient(from 197.02535355738829deg at 32.51900391683814% 77.03122255827047%, #F6AD55, calc(4 * 100% / 5), transparent 0)"
          title="FJKDSALJFKASLJFKSDAJD333FKFKDSAJFKSAJFKLASJKDFJ"
        />
      </div>
    </div>
    <div
      class="flex items-center py-4 border-t border-dashed border-theme-neutral-300 "
    >
      <div
        class="flex-1"
      >
        <div
          class="text-sm font-semibold text-theme-neutral-500"
        >
           
        </div>
        <div
          class="mt-2 font-semibold"
        >
          <div
            class="inline-block truncate align-middle"
          >
            <span
              class="text-theme-neutral-800 max-w-24 flex-auto truncate mt-4 mr-1 font-semibold text-xl"
              data-testid="address__wallet-name"
            >
              Delegate 2
            </span>
            <span
              class="text-theme-neutral-400 font-semibold text-xl"
              data-testid="address__wallet-address"
            >
              AhFJKD...SJKDFJ
            </span>
          </div>
        </div>
      </div>
      <div
        class="Avatar__AvatarStyled-sc-1vsy2s2-0 gJAVMD"
        data-testid="Avatar"
      >
        <img
          src="data:image/svg+xml;utf8,conic-gradient(from 272.869448850674deg at 77.58449164114022% 33.98830726713641%, #7F9CF5, calc(0 * 100% / 5), transparent 0),conic-gradient(from 334.1033088718737deg at 84.40178459007231% 17.059925375053396%, #FEB2B2, calc(1 * 100% / 5), transparent 0),conic-gradient(from 139.50358554943523deg at 6.694434343817083% 37.69537974142411%, #ED8936, calc(2 * 100% / 5), transparent 0),conic-gradient(from 40.860192724750235deg at 68.29069678970299% 29.567825600060573%, #FC8181, calc(3 * 100% / 5), transparent 0),conic-gradient(from 24.61693842743843deg at 86.02634812364855% 21.61545496915476%, #742A2A, calc(4 * 100% / 5), transparent 0)"
          title="AhFJKDSALJFKASLJFKSDEAJ333FKFKDSAJFKSAJFKLASJKDFJ"
        />
      </div>
    </div>
    <div
      class="flex items-center py-4 border-t border-dashed border-theme-neutral-300 "
    >
      <div
        class="flex-1"
      >
        <div
          class="text-sm font-semibold text-theme-neutral-500"
        >
           
        </div>
        <div
          class="mt-2 font-semibold"
        >
          <div
            class="inline-block truncate align-middle"
          >
            <span
              class="text-theme-neutral-800 max-w-24 flex-auto truncate mt-4 mr-1 font-semibold text-xl"
              data-testid="address__wallet-name"
            >
              Delegate 3
            </span>
            <span
              class="text-theme-neutral-400 font-semibold text-xl"
              data-testid="address__wallet-address"
            >
              FAhFJK...SJKDFJ
            </span>
          </div>
        </div>
      </div>
      <div
        class="Avatar__AvatarStyled-sc-1vsy2s2-0 gJAVMD"
        data-testid="Avatar"
      >
        <img
          src="data:image/svg+xml;utf8,conic-gradient(from 65.5403716378373deg at 40.01343193577338% 30.760975456059626%, #2C7A7B, calc(0 * 100% / 5), transparent 0),conic-gradient(from 204.1106359335532deg at 31.220176312383213% 61.41400320012138%, #E53E3E, calc(1 * 100% / 5), transparent 0),conic-gradient(from 384.62337467082557deg at 75.08232859288681% 63.8389968240588%, #9B2C2C, calc(2 * 100% / 5), transparent 0),conic-gradient(from 174.8116810047629deg at 5.408026736841311% 30.17827802790744%, #F6AD55, calc(3 * 100% / 5), transparent 0),conic-gradient(from 431.5712476050348deg at 17.65593017358963% 42.15021743819777%, #FEB2B2, calc(4 * 100% / 5), transparent 0)"
          title="FAhFJKDSALJFKASLJFKSFDAJ333FKFKDSAJFKSAJFKLASJKDFJ"
        />
      </div>
    </div>
  </div>
</DocumentFragment>
`;

exports[`VoteList should render with empty list 1`] = `
<DocumentFragment>
  <div
    class="-my-5"
  />
</DocumentFragment>
`;
