// Jest Snapshot v1, https://goo.gl/fbAQLP

exports[`InputPassword should render as a password field 1`] = `
<DocumentFragment>
  <div
    class="InputGroup-sc-1obbdqe-3 gyJUIf max-w-20"
    data-testid="InputPassword"
  >
    <input
      class="Input__InputStyled-wu99qs-0 dniGhT overflow-hidden w-full bg-theme-background appearance-none rounded border border-theme-neutral-400 dark:border-theme-neutral-700 text-theme-text transition-colors duration-200 px-4 py-3 pr-12"
      data-testid="Input"
      type="password"
    />
    <div
      class="InputGroup__InputAddon-sc-1obbdqe-0 InputGroup__InputAddonEnd-sc-1obbdqe-2 bdmbMb my-px mr-4"
    >
      <button
        class="flex justify-center items-center w-full h-full text-2xl focus:outline-none text-theme-primary-300 dark:text-theme-neutral-600"
        data-testid="InputPassword__toggle"
        type="button"
      >
        <div
          class="sc-AxjAm cpczEI"
          height="1em"
          width="1em"
        >
          <svg>
            eye.svg
          </svg>
        </div>
      </button>
    </div>
  </div>
</DocumentFragment>
`;
