// Jest Snapshot v1, https://goo.gl/fbAQLP

exports[`Send MultiSignature Transaction should render 1`] = `
<DocumentFragment>
  <div
    class="relative flex flex-col min-h-screen bg-theme-neutral-contrast"
  >
    <nav
      aria-labelledby="main menu"
      class="sc-fzpjYC coERBU"
    >
      <div
        class="px-4 sm:px-6 lg:px-10"
      >
        <div
          class="relative flex justify-between h-20 md:h-24"
        >
          <div
            class="flex items-center my-auto"
          >
            <div
              class="sc-fznxsB gUNIFm"
            >
              <svg
                width="40"
              >
                ark-logo.svg
              </svg>
            </div>
          </div>
          <ul
            class="flex h-20 mr-auto md:h-24"
          >
            <li
              class="flex"
            >
              <a
                class="flex items-center mx-4 font-semibold transition-colors duration-200 text-md text-theme-neutral-dark hover:text-theme-neutral-900"
                href="/profiles/b999d134-7a24-481e-a95d-bc47c543bfc9/dashboard"
                title="Portfolio"
              >
                Portfolio
              </a>
            </li>
            <li
              class="flex"
            >
              <a
                class="flex items-center mx-4 font-semibold transition-colors duration-200 text-md text-theme-neutral-dark hover:text-theme-neutral-900"
                href="/profiles/b999d134-7a24-481e-a95d-bc47c543bfc9/plugins"
                title="Plugins"
              >
                Plugins
              </a>
            </li>
            <li
              class="flex"
            >
              <a
                class="flex items-center mx-4 font-semibold transition-colors duration-200 text-md text-theme-neutral-dark hover:text-theme-neutral-900"
                href="/profiles/b999d134-7a24-481e-a95d-bc47c543bfc9/exchange"
                title="Exchange"
              >
                Exchange
              </a>
            </li>
            <li
              class="flex"
            >
              <a
                class="flex items-center mx-4 font-semibold transition-colors duration-200 text-md text-theme-neutral-dark hover:text-theme-neutral-900"
                href="/profiles/b999d134-7a24-481e-a95d-bc47c543bfc9/news"
                title="News"
              >
                News
              </a>
            </li>
          </ul>
          <div
            class="flex items-center my-auto space-x-4"
          >
            <div
              class="relative"
              data-testid="dropdown__toggle"
            >
              <div
                class="overflow-hidden rounded-lg"
              >
                <button
                  class="sc-AxjAm goVygI text-theme-primary-300 hover:text-theme-primary-700 hover:bg-theme-primary-50"
                  color="primary"
                  data-testid="navbar__buttons--notifications"
                  type="button"
                >
                  <div
                    class="sc-AxiKw fFXzuz p-1"
                    height="22"
                    width="22"
                  >
                    <svg>
                      notification.svg
                    </svg>
                  </div>
                </button>
              </div>
            </div>
            <div
              class="h-8 border-r border-theme-neutral-200"
            />
            <div
              class="flex items-center overflow-hidden rounded-lg"
            >
              <button
                class="sc-AxjAm goVygI text-theme-primary-300 hover:text-theme-primary-dark hover:bg-theme-primary-50"
                color="primary"
                data-testid="navbar__buttons--send"
                type="button"
              >
                <div
                  class="sc-AxiKw fFXzuz p-1"
                  height="22"
                  width="22"
                >
                  <svg>
                    sent.svg
                  </svg>
                </div>
              </button>
            </div>
            <div
              class="h-8 border-r border-theme-neutral-200"
            />
            <div
              class="flex items-center overflow-hidden rounded-lg"
            >
              <button
                class="sc-AxjAm goVygI text-theme-primary-300 hover:text-theme-primary-dark hover:bg-theme-primary-50"
                color="primary"
                data-testid="navbar__buttons--receive"
                type="button"
              >
                <div
                  class="sc-AxiKw fFXzuz p-1"
                  height="22"
                  width="22"
                >
                  <svg>
                    receive.svg
                  </svg>
                </div>
              </button>
            </div>
            <div
              class="h-8 border-r border-theme-neutral-200"
            />
          </div>
          <div
            class="flex items-center my-auto ml-8 mr-4"
          >
            <div
              class="text-right"
            >
              <div
                class="text-xs font-medium text-theme-neutral"
              >
                Your balance
              </div>
              <div
                class="text-sm font-bold text-theme-neutral-dark"
              >
                <span
                  data-testid="Amount"
                >
                  91.43089801 BTC
                </span>
              </div>
            </div>
            <div
              class="relative"
              data-testid="dropdown__toggle"
            >
              <div
                class="ml-4 cursor-pointer"
                data-testid="navbar__useractions"
              >
                <div
                  class="sc-AxgMl eqWWwc -mr-2 border-theme-primary-contrast"
                >
                  <span
                    class="text-theme-neutral-dark"
                  >
                    <div
                      class="sc-AxiKw dzBdqj"
                      height="1em"
                      width="1em"
                    >
                      <svg>
                        btc.svg
                      </svg>
                    </div>
                  </span>
                </div>
                <div
                  class="relative inline-flex items-center justify-center align-middle rounded-full"
                  data-testid="navbar__user--avatar"
                >
                  <div
                    class="Avatar__AvatarWrapper-sc-1vsy2s2-0 eHceTZ"
                  >
                    <img
                      alt="Profile Avatar"
                      src="data:image/svg+xml;utf8,<svg version=\\"1.1\\" xmlns=\\"http://www.w3.org/2000/svg\\" width=\\"100\\" height=\\"100\\" viewBox=\\"0 0 100 100\\"><style>circle{mix-blend-mode:soft-light;}</style><rect fill=\\"rgb(233, 30, 99)\\" width=\\"100\\" height=\\"100\\"/><circle r=\\"45\\" cx=\\"80\\" cy=\\"30\\" fill=\\"rgb(76, 175, 80)\\"/><circle r=\\"55\\" cx=\\"0\\" cy=\\"60\\" fill=\\"rgb(255, 152, 0)\\"/><circle r=\\"40\\" cx=\\"50\\" cy=\\"50\\" fill=\\"rgb(3, 169, 244)\\"/></svg>"
                    />
                    <span
                      class="absolute text-sm font-semibold text-theme-background"
                    >
                      JO
                    </span>
                  </div>
                  <span
                    class="sc-AxhUy kTPsmA flex border-2 rounded-full justify-center w-5 h-5 items-center align-middle bg-theme-background border-transparent bg-theme-primary-contrast border-theme-primary-contrast text-theme-primary-500"
                  >
                    <div
                      class="sc-AxiKw ksjdLL"
                      height="10"
                      width="10"
                    >
                      <svg>
                        chevron-down.svg
                      </svg>
                    </div>
                    <span />
                  </span>
                </div>
              </div>
            </div>
          </div>
        </div>
      </div>
    </nav>
    <div
      class="flex items-center space-x-2 container py-5 mx-auto font-semibold px-14 text-theme-neutral-dark"
      data-testid="breadcrumbs__wrapper"
    >
      <div
        class="sc-AxiKw bGpsrC"
        height="10"
        width="19"
      >
        <svg>
          arrow-back.svg
        </svg>
      </div>
      <div
        class="space-x-2"
      >
        <a
          class="text-theme-neutral-dark"
          href="/profiles/b999d134-7a24-481e-a95d-bc47c543bfc9/dashboard"
        >
          <span>
            Go back to Portfolio
          </span>
        </a>
      </div>
    </div>
    <div
      class="flex flex-col flex-1 "
    >
      <div
        class="Section__SectionWrapper-sc-8cjvre-0 bryymu flex-1"
      >
        <div
          class="container py-16 mx-auto px-14"
        >
          <form
            class="max-w-xl mx-auto"
            data-testid="Form"
          >
            <div>
              <ul
                class="sc-fznWqX bcUgwz"
              >
                <li
                  class="sc-fznJRM fanqcP"
                />
                <li
                  class="sc-fznJRM fiwUGS"
                />
                <li
                  class="sc-fznJRM fiwUGS"
                />
                <li
                  class="sc-fznJRM fiwUGS"
                />
              </ul>
              <div
                class="mt-8"
              >
                <div
                  data-testid="tab-pabel__active-panel"
                >
                  <div
                    data-testid="SendMultiSignature--form-step"
                  >
                    <div
                      class="flex items-center py-6 border-t border-dashed border-theme-neutral-300 pt-6 pb-0"
                      data-testid="TransactionDetail"
                    >
                      <div
                        class="flex-1 space-y-2"
                      >
                        <div
                          class="font-semibold"
                        >
                          <fieldset
                            class="sc-AxirZ izhStr flex flex-col space-y-2"
                          >
                            <label
                              class="flex inline-block mb-2 text-sm font-semibold transition-colors duration-100 FormLabel text-theme-neutral-dark"
                              data-testid="FormLabel"
                              for="minParticipants"
                            >
                              Minimum Required Signatures
                              <div
                                class="w-1 h-1 mt-1 ml-1 rounded-full bg-theme-danger-400"
                                data-testid="FormLabel__required"
                              />
                            </label>
                            <div
                              class="sc-fzqNJr gmzgI"
                            >
                              <input
                                class="sc-fznKkj lbGKPD overflow-hidden w-full bg-theme-background appearance-none rounded border border-theme-neutral-300 text-theme-neutral-900 transition-colors duration-200 px-4 py-3 "
                                data-testid="Input"
                                name="minParticipants"
                                type="number"
                                value="2"
                              />
                              <div
                                class="sc-fznZeY sc-fzqBZW iAaafO"
                              >
                                out of 2
                              </div>
                            </div>
                          </fieldset>
                          <fieldset
                            class="sc-AxirZ izhStr flex flex-col space-y-2"
                          >
                            <label
                              class="flex inline-block mb-2 text-sm font-semibold transition-colors duration-100 FormLabel text-theme-neutral-dark"
                              data-testid="FormLabel"
                              for="fee"
                            >
                              Transaction Fee
                              <div
                                class="w-1 h-1 mt-1 ml-1 rounded-full bg-theme-danger-400"
                                data-testid="FormLabel__required"
                              />
                            </label>
                            <div
                              class="flex space-x-2"
                              data-testid="InputFee"
                            >
                              <div
                                class="flex-1"
                              >
                                <div
                                  class="sc-fzqNJr gmzgI"
                                >
                                  <input
                                    class="sc-fznKkj lbGKPD overflow-hidden w-full bg-theme-background appearance-none rounded border border-theme-neutral-300 text-theme-neutral-900 transition-colors duration-200 px-4 py-3 "
                                    data-testid="InputCurrency"
                                    name="fee"
                                    type="text"
                                    value="0"
                                  />
                                  <div
                                    class="absolute bottom-0 w-full px-1"
                                  >
                                    <div
                                      class="flex flex-wrap justify-center"
                                      data-testid="Range"
                                    >
                                      <div
                                        class="sc-fzoyAV cgfxbu"
                                        data-testid="Range__track"
                                        style="transform: scale(1); cursor: pointer;"
                                      >
                                        <div
                                          class="sc-fzoLag kxUFqT"
                                          data-testid="Range__track__filled"
                                        >
                                          <div
                                            aria-valuemax="2e-8"
                                            aria-valuemin="0"
                                            aria-valuenow="0"
                                            class="sc-fzoXzr eykVSb"
                                            data-testid="Range__thumb"
                                            draggable="false"
                                            role="slider"
                                            style="position: absolute; z-index: 0; cursor: grab; user-select: none; transform: translate(0px, 0px);"
                                            tabindex="0"
                                          />
                                        </div>
                                      </div>
                                    </div>
                                  </div>
                                </div>
                              </div>
                              <div>
                                <div
                                  class="inline-flex items-center flex-shrink-0 overflow-hidden border rounded border-theme-neutral-300"
                                  data-testid="SelectionBar"
                                  role="radiogroup"
                                >
                                  <button
                                    aria-checked="false"
                                    class="sc-fzoyTs chLCDw relative px-5 transition-colors duration-300 border-transparent focus:outline-none border-b-3"
                                    data-testid="SelectionBarOption"
                                    role="radio"
                                    type="button"
                                  >
                                    Min
                                  </button>
                                  <button
                                    aria-checked="false"
                                    class="sc-fzoyTs chLCDw relative px-5 transition-colors duration-300 border-transparent focus:outline-none border-b-3"
                                    data-testid="SelectionBarOption"
                                    role="radio"
                                    type="button"
                                  >
                                    Average
                                  </button>
                                  <button
                                    aria-checked="false"
                                    class="sc-fzoyTs chLCDw relative px-5 transition-colors duration-300 border-transparent focus:outline-none border-b-3"
                                    data-testid="SelectionBarOption"
                                    role="radio"
                                    type="button"
                                  >
                                    Max
                                  </button>
                                </div>
                              </div>
                            </div>
                          </fieldset>
                        </div>
                      </div>
                    </div>
                  </div>
                </div>
                <div
                  class="flex justify-end mt-10 space-x-3"
                >
                  <button
                    class="sc-AxjAm fPpool"
                    color="primary"
                    data-testid="SendMultiSignature__button--back"
                    disabled=""
                    type="button"
                  >
                    Back
                  </button>
                  <button
                    class="sc-AxjAm kbZyZT"
                    color="primary"
                    data-testid="SendMultiSignature__button--continue"
                    disabled=""
                    type="button"
                  >
                    Continue
                  </button>
                </div>
              </div>
            </div>
          </form>
        </div>
      </div>
    </div>
  </div>
</DocumentFragment>
`;
