// Jest Snapshot v1, https://goo.gl/fbAQLP

exports[`DeleteWallet should not render if not open 1`] = `<DocumentFragment />`;

exports[`DeleteWallet should render a modal 1`] = `
<DocumentFragment>
  <div
    class="fixed inset-0 z-30 bg-black opacity-50"
    data-testid="modal__overlay"
  />
  <div
    class="sc-AxiKw cTRlJa absolute top-0 left-0 right-0 z-30 flex flex-col px-12 pt-6 pb-8 mx-auto mt-24 overflow-hidden rounded-xl bg-theme-background"
    data-testid="modal__inner"
  >
    <div
      class="absolute top-0 right-0 z-10 mt-4 mr-4"
    >
      <button
        class="sc-AxjAm bThAoP"
        color="neutral"
        data-testid="modal__close-btn"
        type="button"
      >
        <div
          class="sc-AxirZ fttODj"
          height="10"
          width="10"
        >
          <svg>
            cross-slim.svg
          </svg>
        </div>
      </button>
    </div>
    <div
      class="py-4"
    >
      <h2>
        Delete Wallet
      </h2>
      <div
        class="flex-1 "
      >
        <svg
          class="w-3/5 m-auto mb-8"
        >
          delete-banner.svg
        </svg>
        <div
          class="text-theme-neutral-700"
        >
          Do you really want to remove your wallet? Before deleting, make sure that you have the passphrase for this wallet.
        </div>
        <div
          class="flex justify-end mt-8 space-x-3"
        >
          <button
            class="sc-AxjAm ddJBbC"
            color="primary"
            type="button"
          >
            Cancel
          </button>
          <button
            class="sc-AxjAm ddQVWI"
            color="primary"
            type="submit"
          >
            <div
              class="sc-AxirZ iQaTP"
              height="1em"
              width="1em"
            >
              <svg>
                trash.svg
              </svg>
            </div>
            <span>
              Delete
            </span>
          </button>
        </div>
      </div>
    </div>
  </div>
</DocumentFragment>
`;
