// Jest Snapshot v1, https://goo.gl/fbAQLP

exports[`CreateContact should not render if not open 1`] = `<DocumentFragment />`;

exports[`CreateContact should render a modal 1`] = `
<DocumentFragment>
  <div
    class="fixed inset-0 z-10 bg-black opacity-50"
    data-testid="modal__overlay"
  />
  <div
    class="sc-fzplWN jxRzUr fixed left-0 right-0 z-10 flex flex-col px-12 pt-6 pb-8 mx-auto mt-24 overflow-hidden rounded-xl bg-theme-background"
    data-testid="modal__inner"
  >
    <div
      class="absolute top-0 right-0 mt-4 mr-4"
    >
      <button
        class="sc-AxjAm eYrebl"
        color="neutral"
        data-testid="modal__close-btn"
        type="button"
      >
        <div
          class="sc-AxhCb idmnCf"
          height="10"
          width="10"
        >
          <svg>
            cross-slim.svg
          </svg>
        </div>
      </button>
    </div>
    <div
      class="py-4"
    >
      <h2>
        Add Contact
      </h2>
      <div
        class="flex-1"
      >
        <div
          class="text-theme-neutral-700"
        >
          Enter your contacts name and addresses and add them to your list.
        </div>
        <div
          class="mt-8"
        >
          <form
            class="space-y-6"
            data-testid="Form"
          >
            <fieldset
              class="sc-AxiKw iQzisX flex flex-col space-y-2"
            >
              <label
                class="FormLabel transition-colors duration-100 inline-block text-sm font-semibold text-theme-neutral-dark"
                data-testid="FormLabel"
                for="name"
              >
                Name
              </label>
              <input
                class="sc-AxhUy fvuHTn overflow-hidden shadow-sm w-full bg-theme-background appearance-none rounded border border-theme-neutral-300 py-3 px-4 text-theme-neutral-900 transition-colors duration-200 focus:outline-none focus:border-theme-primary "
                data-testid="Input"
                name="name"
              />
            </fieldset>
            <fieldset
              class="sc-AxiKw iQzisX flex flex-col space-y-2"
            >
              <label
                class="FormLabel transition-colors duration-100 inline-block text-sm font-semibold text-theme-neutral-dark"
                data-testid="FormLabel"
                for="network"
              >
                Network
              </label>
              <div
                class="sc-AxmLO kuiknc"
              >
                <select
                  class="sc-AxhUy fvuHTn overflow-hidden shadow-sm w-full bg-theme-background appearance-none rounded border border-theme-neutral-300 py-3 px-4 text-theme-neutral-900 transition-colors duration-200 focus:outline-none focus:border-theme-primary pr-12"
                  data-testid="Select"
                  name="network"
                >
                  <option
                    disabled=""
                    selected=""
                    value=""
                  >
                    Select network...
                  </option>
                  <option
                    value="Ark"
                  >
                    Ark Ecosystem
                  </option>
                  <option
                    value="Btc"
                  >
                    Bitcoin
                  </option>
                  <option
                    value="Eth"
                  >
                    Ethereum
                  </option>
                </select>
                <div
                  class="sc-AxgMl sc-Axmtr cPxyjO w-12 text-lg pointer-events-none text-theme-neutral-dark"
                >
                  <div
                    class="sc-AxhCb fxrKLH"
                    height="1em"
                    width="1em"
                  >
                    <svg>
                      chevron-down.svg
                    </svg>
                  </div>
                </div>
              </div>
            </fieldset>
            <fieldset
              class="sc-AxiKw iQzisX flex flex-col space-y-2"
            >
              <label
                class="FormLabel transition-colors duration-100 inline-block text-sm font-semibold text-theme-neutral-dark"
                data-testid="FormLabel"
                for="address"
              >
                Address
              </label>
              <input
                class="sc-AxhUy fvuHTn overflow-hidden shadow-sm w-full bg-theme-background appearance-none rounded border border-theme-neutral-300 py-3 px-4 text-theme-neutral-900 transition-colors duration-200 focus:outline-none focus:border-theme-primary "
                data-testid="Input"
                name="address"
              />
            </fieldset>
            <div
              class="mt-4"
            >
              <button
                class="sc-AxjAm gSuvFI w-full"
                color="primary"
                type="button"
              >
                Add Address
              </button>
            </div>
            <div
              class="group"
            >
              <span
                class="inline-block text-sm font-semibold transition-colors duration-100 group-hover:text-theme-primary text-theme-neutral-dark"
              >
                Addresses
              </span>
              <div
                class="flex items-center py-4 border-b border-dashed border-theme-neutral-300"
              >
                <div
                  class="mr-4"
                >
                  <div
                    class="sc-AxirZ dUEVPd -mr-2"
                  >
                    <div
                      class="sc-AxhCb fxrKLH"
                      height="1em"
                      width="1em"
                    >
                      <svg>
                        btc.svg
                      </svg>
                    </div>
                  </div>
                  <div
                    class="sc-AxirZ jaEUuk"
                  />
                </div>
                <span
                  class="font-semibold"
                >
                  <div
                    class="inline-block truncate"
                  >
                    <span
                      class="text-theme-neutral-800 font-semibold text-base"
                      data-testid="address__wallet-address"
                    >
                      fooooooobaaaaar
                    </span>
                  </div>
                </span>
                <button
                  class="sc-AxjAm jRhSqM flex items-center ml-auto"
                  color="primary"
                  type="button"
                >
                  <div
                    class="sc-AxhCb fxrKLH"
                    height="1em"
                    width="1em"
                  >
                    <svg>
                      trash.svg
                    </svg>
                  </div>
                </button>
              </div>
              <div
                class="flex items-center py-4 border-b border-dashed border-theme-neutral-300"
              >
                <div
                  class="mr-4"
                >
                  <div
                    class="sc-AxirZ dUEVPd -mr-2"
                  >
                    <div
                      class="sc-AxhCb fxrKLH"
                      height="1em"
                      width="1em"
                    >
                      <svg>
                        eth.svg
                      </svg>
                    </div>
                  </div>
                  <div
                    class="sc-AxirZ jaEUuk"
                  />
                </div>
                <span
                  class="font-semibold"
                >
                  <div
                    class="inline-block truncate"
                  >
                    <span
                      class="text-theme-neutral-800 font-semibold text-base"
                      data-testid="address__wallet-address"
                    >
                      fooooooobaaaaar
                    </span>
                  </div>
                </span>
                <button
                  class="sc-AxjAm jRhSqM flex items-center ml-auto"
                  color="primary"
                  type="button"
                >
                  <div
                    class="sc-AxhCb fxrKLH"
                    height="1em"
                    width="1em"
                  >
                    <svg>
                      trash.svg
                    </svg>
                  </div>
                </button>
              </div>
            </div>
            <div
              class="flex justify-end mt-8 space-x-3"
            >
              <button
                class="sc-AxjAm gSuvFI"
                color="primary"
                type="button"
              >
                Cancel
              </button>
              <button
                class="sc-AxjAm eixJcU"
                color="primary"
                type="submit"
              >
                Save
              </button>
            </div>
          </form>
        </div>
      </div>
    </div>
  </div>
</DocumentFragment>
`;
